\BOOKMARK [1][-]{section.1}{\376\377\000I\000n\000t\000r\000o\000d\000u\000c\000t\000i\000o\000n}{}% 1
\BOOKMARK [1][-]{section.2}{\376\377\000P\000a\000r\000t\000\040\0001\000A\000:\000\040\000H\000i\000s\000t\000o\000r\000i\000c\000a\000l\000\040\000T\000i\000m\000e\000t\000a\000b\000l\000e\000\040\000D\000e\000s\000i\000g\000n\000\040\000C\000r\000i\000t\000i\000q\000u\000e}{}% 2
\BOOKMARK [2][-]{subsection.2.1}{\376\377\000S\000i\000n\000g\000a\000p\000o\000r\000e\000\040\000A\000i\000r\000l\000i\000n\000e\000s\000\040\040\024\000\040\000D\000e\000c\000e\000m\000b\000e\000r\000\040\0001\000,\000\040\0001\0009\0007\0002}{section.2}% 3
\BOOKMARK [2][-]{subsection.2.2}{\376\377\000R\000o\000u\000t\000e\000\040\000m\000a\000p}{section.2}% 4
\BOOKMARK [2][-]{subsection.2.3}{\376\377\000T\000i\000m\000e\000t\000a\000b\000l\000e\000\040\000c\000r\000i\000t\000i\000q\000u\000e}{section.2}% 5
\BOOKMARK [2][-]{subsection.2.4}{\376\377\000L\000u\000f\000t\000h\000a\000n\000s\000a\000\040\040\024\000\040\000A\000p\000r\000i\000l\000\040\0001\040\023\0002\0007\000,\000\040\0001\0009\0006\0008}{section.2}% 6
\BOOKMARK [2][-]{subsection.2.5}{\376\377\000R\000o\000u\000t\000e\000\040\000m\000a\000p}{section.2}% 7
\BOOKMARK [2][-]{subsection.2.6}{\376\377\000T\000i\000m\000e\000t\000a\000b\000l\000e\000\040\000c\000r\000i\000t\000i\000q\000u\000e}{section.2}% 8
\BOOKMARK [2][-]{subsection.2.7}{\376\377\000T\000h\000a\000i\000\040\000A\000i\000r\000w\000a\000y\000s\000\040\000I\000n\000t\000e\000r\000n\000a\000t\000i\000o\000n\000a\000l\000\040\040\024\000\040\000J\000u\000l\000y\000\040\0003\0001\000,\000\040\0001\0009\0006\0000}{section.2}% 9
\BOOKMARK [2][-]{subsection.2.8}{\376\377\000T\000i\000m\000e\000t\000a\000b\000l\000e\000\040\000c\000r\000i\000t\000i\000q\000u\000e}{section.2}% 10
\BOOKMARK [2][-]{subsection.2.9}{\376\377\000P\000a\000n\000\040\000A\000m\000e\000r\000i\000c\000a\000n\000\040\000W\000o\000r\000l\000d\000\040\000A\000i\000r\000w\000a\000y\000s\000\040\040\024\000\040\000A\000u\000g\000u\000s\000t\000\040\0001\040\023\0003\0001\000,\000\040\0001\0009\0006\0003}{section.2}% 11
\BOOKMARK [2][-]{subsection.2.10}{\376\377\000T\000i\000m\000e\000t\000a\000b\000l\000e\000\040\000c\000r\000i\000t\000i\000q\000u\000e}{section.2}% 12
\BOOKMARK [1][-]{section.3}{\376\377\000P\000a\000r\000t\000\040\0001\000B\000:\000\040\000P\000a\000n\000\040\000A\000m\000\040\000T\000i\000m\000e\000t\000a\000b\000l\000e\000\040\000R\000e\000d\000e\000s\000i\000g\000n\000\040\040\024\000\040\000M\000a\000p\000-\000B\000a\000s\000e\000d\000\040\000V\000i\000s\000u\000a\000l\000i\000z\000a\000t\000i\000o\000n}{}% 13
\BOOKMARK [2][-]{subsection.3.1}{\376\377\000D\000e\000s\000i\000g\000n\000\040\000d\000e\000c\000i\000s\000i\000o\000n\000s\000\040\000a\000n\000d\000\040\000j\000u\000s\000t\000i\000f\000i\000c\000a\000t\000i\000o\000n}{section.3}% 14
\BOOKMARK [3][-]{subsubsection.3.1.1}{\376\377\000V\000i\000s\000u\000a\000l\000\040\000e\000n\000c\000o\000d\000i\000n\000g\000\040\000\050\000f\000o\000c\000u\000s\000\051}{subsection.3.1}% 15
\BOOKMARK [3][-]{subsubsection.3.1.2}{\376\377\000L\000a\000y\000o\000u\000t\000:\000\040\000t\000a\000b\000l\000e\000\040\000v\000s\000.\000\040\000m\000a\000p}{subsection.3.1}% 16
\BOOKMARK [3][-]{subsubsection.3.1.3}{\376\377\000R\000e\000a\000d\000a\000b\000i\000l\000i\000t\000y\000\040\000v\000s\000.\000\040\000d\000e\000n\000s\000i\000t\000y}{subsection.3.1}% 17
\BOOKMARK [2][-]{subsection.3.2}{\376\377\000W\000h\000e\000r\000e\000\040\000p\000r\000o\000x\000i\000m\000i\000t\000y\000\040\000f\000a\000i\000l\000s\000\040\000\050\000f\000i\000v\000e\000\040\000c\000a\000s\000e\000s\000\051}{section.3}% 18
\BOOKMARK [2][-]{subsection.3.3}{\376\377\000S\000u\000m\000m\000a\000r\000y}{section.3}% 19
\BOOKMARK [2][-]{subsection.3.4}{\376\377\000C\000o\000m\000p\000a\000r\000a\000t\000i\000v\000e\000\040\000o\000b\000s\000e\000r\000v\000a\000t\000i\000o\000n\000s\000\040\000\050\000P\000a\000r\000t\000\040\0001\000A\000\051}{section.3}% 20
